// Jest Snapshot v1, https://goo.gl/fbAQLP

exports[`renders contact unchanged 1`] = `
<div
  className="jsx-4172434120 px-4 lg:px-dsk flex flex-col lg:flex-row justify-center lg:justify-between align-center w-full"
>
  <div
    className="jsx-4172434120 center-flex-col lg:w-6/12"
  >
    <h1
      className="jsx-4172434120 text-3xl lg:text-5xl m-0 lg:mr-16 text-center lg:text-right mt-20 mb-20 lg:my-0 font-semibold z-fiveHund"
    >
      Let's Work Together!
    </h1>
    YZED Animated SVG Component
  </div>
  <div
    className="jsx-4172434120 center-flex-col lg:w-6/12 md:mb-16 lg:mb-0 text-justify lg:text-left"
  >
    <p
      className="jsx-4172434120 para-standard"
    >
      Dive into a mixed-reality world with a team of professionals in 3D & graphic design, UI/UX, trend forecasting, as well as front and back-end programming. YZED is turning your exquisite physical products into digital-dazzle, leading your brand into the digital era.
    </p>
    <div
      className="jsx-4172434120 signature mt-16 text-left"
    >
      <p
        className="jsx-4172434120 para-standard"
      >
        Interested in working with us? 
      </p>
      <p
        className="jsx-4172434120 para-standard"
      >
        Please contact us at
         
        <a
          className="jsx-4172434120 email-link font-semibold inline-block cursor-pointer"
        >
          yzed@101.global
        </a>
      </p>
    </div>
  </div>
</div>
`;

exports[`renders footer section unchanged 1`] = `
<footer
  className="text-left"
>
  <p
    className="px-2 py-4 lg:px-dsk lg:py-2 lg:text-base text-center lg:text-left align-middle tracking-wide w-full bg-black text-white font-light"
  >
    <a
      aria-label="YZED home"
      className="color-link block lg:inline-block pb-6 pt-2 lg:pb-0 lg:pt-0 align-middle my-0 mx-auto h-3 -mt-1"
      href="/"
    >
      <img
        alt="YZED logo"
        className="yzed-logo align-middle my-0 mx-auto h-3"
        src="File Sub Mock"
      />
    </a>
     
    <span
      className="hidden lg:inline"
    >
      - 
    </span>
    All rights reserved to
     
    <a
      className="font-semibold"
      href="https://www.101.global/?lang=en"
      rel="noopener noreferrer"
      target="_blank"
    >
      101Global
    </a>
     
    and
     
    <a
      className="font-semibold"
      href="https://www.hanwha.com/en.html"
      rel="noopener noreferrer"
      target="_blank"
    >
      Hanwha
    </a>
    .
  </p>
</footer>
`;

exports[`renders introduction unchanged 1`] = `
<div
  className="jsx-1337300742 main-intro-container p-0 lg:pl-dsk grid gap-8 lg:gap-16 sm:grid-cols-1 lg:grid-cols-2 mb-16 lg:mb-0"
>
  <div
    className="jsx-1337300742 flex w-full mt-16 md:mt-24 lg:mt-0 text-center lg:text-left relative"
  >
    <div
      className="jsx-1337300742 flex flex-col justify-between font-black"
    >
      YZED Animated SVG Component
      <h1
        className="jsx-1337300742 pt-16 px-4 lg:px-0 text-4xl lg:text-5xl my-0 mx-auto text-center lg:text-left font-semibold"
      >
        Where Democratic Fashion catalyzes self-discovery.
      </h1>
      <p
        className="jsx-1337300742 para-standard text-justify lg:text-left px-4 lg:px-0 py-12 lg:py-0 my-0 mx-auto lg:mt-24 lg:m-0"
      >
        Democratic Fashion is a practice that minimizes the gap between a designers’ work and the mass market, while considering fair economic and social trade off. YZED is built upon the five most important factors of this practice, which you can read more about in our manifesto.
      </p>
      <a
        className="jsx-4218770882 black-link block lg:inline m-auto lg:m-0 py-2 bg-black text-white border border-black text-xl text-center rounded-full no-underline tracking-wider font-medium hover:text-black hover:bg-white"
        href="https://oneoone-resource.s3.ap-northeast-2.amazonaws.com/yzed/YZED_MANIFESTO.pdf"
        rel="noopener noreferrer"
        target="_blank"
      >
        DOWNLOAD MANIFESTO
      </a>
    </div>
  </div>
  <div
    className="jsx-1337300742 flex flex-col justify-end p-0 lg:pt-16"
  >
    <img
      alt="YZED Detail View 1"
      loading="lazy"
      src="https://oneoone-resource.s3.ap-northeast-2.amazonaws.com/yzed/yzed_image_1_mini-compressor.jpg"
      style={
        Object {
          "background": "grey",
          "filter": "blur(30px)",
          "height": "auto",
          "maxWidth": "100%",
          "overflow": "hidden",
          "transition": "1s filter linear",
          "width": "3000px",
        }
      }
    />
  </div>
</div>
`;

exports[`renders landing about section unchanged 1`] = `
<div
  className="jsx-2873791416 main-about-container py-16 lg:pb-32 lg:pt-0 align-center justify-center w-full"
>
  <div
    className="jsx-2873791416 text-container grid grid-cols-1 lg:block align-center justify-center w-full lg:w-4/5 mx-auto my-0 relative p-0 lg:pt-32"
  >
    <h1
      className="jsx-2873791416 text-3xl lg:text-4xl px-4 lg:pb-8 lg:p-0 lg:text-4xl w-full lg:w-5/12 inline-block text-center lg:text-left font-semibold bg-black text-white"
    >
      “The desire to make fashion more accessible to people.”
    </h1>
    <p
      className="jsx-2873791416 text-xl w-full lg:w-6/12 block lg:inline-block relative lg:absolute right-o font-hairline z-50 right-0 px-4 py-12 lg:pb-8 lg:pl-8 lg:pt-0 lg:pr-0 right-0 text-justify font-light bg-black text-white"
    >
      We are an international team of four, based in Seoul, South Korea. We became united by the desire to make fashion more accessible to people, which has continued to be our team’s top priority. We strongly believe that a change of status quo is imminent in the fashion industry - and that it’s going to be catal
      <strong
        className="jsx-2873791416 font-bold"
      >
        yzed
      </strong>
       by none other than digital garments created in 3D & AR. We strive to create a community where our users self-expression leads our decisions.
    </p>
  </div>
  <div
    className="jsx-2873791416 bottom-section relative"
  >
    <div
      className="jsx-2873791416 image-container w-full"
    >
      <div
        className="jsx-2873791416 small-image-container relative lg:absolute right-0 lg:w-2/5 mb-8 lg:mb-0"
      >
        <img
          alt="YZED Detail View 3"
          loading="lazy"
          src="https://oneoone-resource.s3.ap-northeast-2.amazonaws.com/yzed/yzed_image_3_mini-compressor.jpg"
          style={
            Object {
              "background": "grey",
              "filter": "blur(30px)",
              "height": "auto",
              "maxWidth": "100%",
              "overflow": "hidden",
              "transition": "1s filter linear",
              "width": "3000px",
            }
          }
        />
      </div>
      <div
        className="jsx-2873791416 large-image-container lg:w-9/12"
      >
        <img
          alt="YZED Detail View 2"
          loading="lazy"
          src="https://oneoone-resource.s3.ap-northeast-2.amazonaws.com/yzed/yzed_image_2_mini-compressor.jpg"
          style={
            Object {
              "background": "grey",
              "filter": "blur(30px)",
              "height": "auto",
              "maxWidth": "100%",
              "overflow": "hidden",
              "transition": "1s filter linear",
              "width": "3000px",
            }
          }
        />
      </div>
      <div
        className="jsx-2873791416 word-mark"
      >
        <img
          alt="contact us"
          className="jsx-2873791416"
          src="File Sub Mock"
        />
      </div>
    </div>
  </div>
</div>
`;
